=== CYCLE 1 === 18:54:51
O-fire: boot_id=661f4778-e7ff-ffff-e0a8-8d2a80ffffff uptime=822
SLIDE=0x276e400000 (redirect live)
adb.exe: device offline
runner missing: 
no adb (19:00:02); reconnecting
no adb (19:00:30); reconnecting
=== CYCLE 2 === 19:00:52
uptime 69s < 130 — waiting for boot to settle
O-fire: boot_id=661fa780-e4ff-ffff-e0a8-8d2a80ffffff uptime=470
SLIDE=0x2476a00000 (redirect live)
N-fire no HOLD (uptime 470 -> 676); re-roll
=== CYCLE 3 === 19:12:30
redirect ALREADY LIVE (slide=0x2476a00000) — straight to N-fire
SLIDE=0x2476a00000 (redirect live)
N-fire no HOLD (uptime 470 -> 1270); re-roll
=== CYCLE 4 === 19:22:23
redirect ALREADY LIVE (slide=0x2476a00000) — straight to N-fire
SLIDE=0x2476a00000 (redirect live)
error: closed
adb.exe: device offline
adb.exe: device offline
adb.exe: device offline
adb.exe: device offline
adb.exe: device offline
adb.exe: device offline
adb.exe: device offline
adb.exe: device offline
adb.exe: device offline
adb.exe: device offline
adb.exe: device offline
adb.exe: device offline
adb.exe: device offline
adb.exe: device offline
adb.exe: device offline
adb.exe: device offline
adb.exe: device offline
adb.exe: device offline
adb.exe: device offline
adb.exe: device offline
adb.exe: device offline
adb.exe: device offline
adb.exe: device offline
adb.exe: device offline
adb.exe: device offline
adb.exe: device offline
adb.exe: device offline
adb.exe: device offline
adb.exe: device offline
adb.exe: device offline
adb.exe: device offline
adb.exe: device offline
adb.exe: device offline
adb.exe: device offline
adb.exe: device offline
adb.exe: device offline
adb.exe: device offline
adb.exe: device offline
adb.exe: device offline
adb.exe: device offline
adb.exe: device offline
adb.exe: device offline
adb.exe: device offline
adb.exe: device offline
adb.exe: device offline
adb.exe: device offline
adb.exe: device offline
N-fire no HOLD (uptime 470 -> 206); re-roll
=== CYCLE 5 === 19:31:43
O-fire: boot_id=661fa740-e7ff-ffff-e0a8-8d2a80ffffff uptime=317
SLIDE=0x2736a00000 (redirect live)
adb.exe: device offline
runner missing: 
no adb (19:33:26); reconnecting
no adb (19:33:49); reconnecting
no adb (19:34:11); reconnecting
no adb (19:34:33); reconnecting
no adb (19:34:56); reconnecting
no adb (19:35:18); reconnecting
no adb (19:35:40); reconnecting
no adb (19:36:03); reconnecting
no adb (19:36:25); reconnecting
no adb (19:36:47); reconnecting
no adb (19:37:10); reconnecting
no adb (19:37:32); reconnecting
no adb (19:37:54); reconnecting
no adb (19:38:17); reconnecting
no adb (19:38:39); reconnecting
no adb (19:39:01); reconnecting
no adb (19:39:24); reconnecting
no adb (19:39:46); reconnecting
no adb (19:40:08); reconnecting
no adb (19:40:31); reconnecting
no adb (19:40:53); reconnecting
no adb (19:41:15); reconnecting
no adb (19:41:37); reconnecting
no adb (19:42:00); reconnecting
no adb (19:42:22); reconnecting
no adb (19:42:44); reconnecting
no adb (19:43:07); reconnecting
no adb (19:43:29); reconnecting
no adb (19:43:54); reconnecting
=== CYCLE 6 === 19:44:14
